C:/Users/abinaya.LDAP/Downloads/en.fp-ind-predmnt1/STM32CubeFunctionPack_PREDMNT1_V2.4.1/Projects/STM32L4R9ZI-STWIN/Demonstrations/Predictive_Maintenance_BLE/Src/hci_tl_interface.c:118:9:HCI_TL_SPI_Init	64	static
C:/Users/abinaya.LDAP/Downloads/en.fp-ind-predmnt1/STM32CubeFunctionPack_PREDMNT1_V2.4.1/Projects/STM32L4R9ZI-STWIN/Demonstrations/Predictive_Maintenance_BLE/Src/hci_tl_interface.c:165:9:HCI_TL_SPI_DeInit	8	static
C:/Users/abinaya.LDAP/Downloads/en.fp-ind-predmnt1/STM32CubeFunctionPack_PREDMNT1_V2.4.1/Projects/STM32L4R9ZI-STWIN/Demonstrations/Predictive_Maintenance_BLE/Src/hci_tl_interface.c:179:9:HCI_TL_SPI_Reset	8	static
C:/Users/abinaya.LDAP/Downloads/en.fp-ind-predmnt1/STM32CubeFunctionPack_PREDMNT1_V2.4.1/Projects/STM32L4R9ZI-STWIN/Demonstrations/Predictive_Maintenance_BLE/Src/hci_tl_interface.c:447:6:hci_tl_lowlevel_isr	8	static
C:/Users/abinaya.LDAP/Downloads/en.fp-ind-predmnt1/STM32CubeFunctionPack_PREDMNT1_V2.4.1/Projects/STM32L4R9ZI-STWIN/Demonstrations/Predictive_Maintenance_BLE/Src/hci_tl_interface.c:276:9:HCI_TL_SPI_Send	48	static
C:/Users/abinaya.LDAP/Downloads/en.fp-ind-predmnt1/STM32CubeFunctionPack_PREDMNT1_V2.4.1/Projects/STM32L4R9ZI-STWIN/Demonstrations/Predictive_Maintenance_BLE/Src/hci_tl_interface.c:199:9:HCI_TL_SPI_Receive	48	static
C:/Users/abinaya.LDAP/Downloads/en.fp-ind-predmnt1/STM32CubeFunctionPack_PREDMNT1_V2.4.1/Projects/STM32L4R9ZI-STWIN/Demonstrations/Predictive_Maintenance_BLE/Src/hci_tl_interface.c:402:6:hci_tl_lowlevel_init	40	static
