C:/Users/abinaya.LDAP/Downloads/en.fp-ind-predmnt1/STM32CubeFunctionPack_PREDMNT1_V2.4.1/Projects/STM32L4R9ZI-STWIN/Demonstrations/Predictive_Maintenance_BLE/Src/MotionSP_Manager.c:828:6:MotionSP_SetDefaultVibrationParam	264	static
C:/Users/abinaya.LDAP/Downloads/en.fp-ind-predmnt1/STM32CubeFunctionPack_PREDMNT1_V2.4.1/Projects/STM32L4R9ZI-STWIN/Demonstrations/Predictive_Maintenance_BLE/Src/MotionSP_Manager.c:854:9:MotionSP_AcceleroConfig	288	static
C:/Users/abinaya.LDAP/Downloads/en.fp-ind-predmnt1/STM32CubeFunctionPack_PREDMNT1_V2.4.1/Projects/STM32L4R9ZI-STWIN/Demonstrations/Predictive_Maintenance_BLE/Src/MotionSP_Manager.c:961:9:EnableDisable_ACC_HP_Filter	272	static
C:/Users/abinaya.LDAP/Downloads/en.fp-ind-predmnt1/STM32CubeFunctionPack_PREDMNT1_V2.4.1/Projects/STM32L4R9ZI-STWIN/Demonstrations/Predictive_Maintenance_BLE/Src/MotionSP_Manager.c:1016:6:MotionSP_TD_Threshold_Updating	12	static,ignoring_inline_asm
C:/Users/abinaya.LDAP/Downloads/en.fp-ind-predmnt1/STM32CubeFunctionPack_PREDMNT1_V2.4.1/Projects/STM32L4R9ZI-STWIN/Demonstrations/Predictive_Maintenance_BLE/Src/MotionSP_Manager.c:1035:6:MotionSP_FD_Threshold_Updating	16	static,ignoring_inline_asm
C:/Users/abinaya.LDAP/Downloads/en.fp-ind-predmnt1/STM32CubeFunctionPack_PREDMNT1_V2.4.1/Projects/STM32L4R9ZI-STWIN/Demonstrations/Predictive_Maintenance_BLE/Src/MotionSP_Manager.c:1192:6:MotionSP_DataReady_IRQ_Rtn	0	static
C:/Users/abinaya.LDAP/Downloads/en.fp-ind-predmnt1/STM32CubeFunctionPack_PREDMNT1_V2.4.1/Projects/STM32L4R9ZI-STWIN/Demonstrations/Predictive_Maintenance_BLE/Src/MotionSP_Manager.c:1201:6:MotionSP_FifoFull_IRQ_Rtn	32	static
C:/Users/abinaya.LDAP/Downloads/en.fp-ind-predmnt1/STM32CubeFunctionPack_PREDMNT1_V2.4.1/Projects/STM32L4R9ZI-STWIN/Demonstrations/Predictive_Maintenance_BLE/Src/MotionSP_Manager.c:1224:6:MotionSP_TimeDomainAlarmInit	16	static
C:/Users/abinaya.LDAP/Downloads/en.fp-ind-predmnt1/STM32CubeFunctionPack_PREDMNT1_V2.4.1/Projects/STM32L4R9ZI-STWIN/Demonstrations/Predictive_Maintenance_BLE/Src/MotionSP_Manager.c:1248:6:MotionSP_TimeDomainAlarm	12	static
C:/Users/abinaya.LDAP/Downloads/en.fp-ind-predmnt1/STM32CubeFunctionPack_PREDMNT1_V2.4.1/Projects/STM32L4R9ZI-STWIN/Demonstrations/Predictive_Maintenance_BLE/Src/MotionSP_Manager.c:1340:9:MotionSP_FreqDomainAlarmInit	16	static
C:/Users/abinaya.LDAP/Downloads/en.fp-ind-predmnt1/STM32CubeFunctionPack_PREDMNT1_V2.4.1/Projects/STM32L4R9ZI-STWIN/Demonstrations/Predictive_Maintenance_BLE/Src/MotionSP_Manager.c:997:6:MotionSP_AlarmThreshold_Init	8	static
C:/Users/abinaya.LDAP/Downloads/en.fp-ind-predmnt1/STM32CubeFunctionPack_PREDMNT1_V2.4.1/Projects/STM32L4R9ZI-STWIN/Demonstrations/Predictive_Maintenance_BLE/Src/MotionSP_Manager.c:159:16:MotionSP_VibrationAnalysisVariableInit	280	static
C:/Users/abinaya.LDAP/Downloads/en.fp-ind-predmnt1/STM32CubeFunctionPack_PREDMNT1_V2.4.1/Projects/STM32L4R9ZI-STWIN/Demonstrations/Predictive_Maintenance_BLE/Src/MotionSP_Manager.c:1384:6:MotionSP_FreqDomainAlarm	48	static
C:/Users/abinaya.LDAP/Downloads/en.fp-ind-predmnt1/STM32CubeFunctionPack_PREDMNT1_V2.4.1/Projects/STM32L4R9ZI-STWIN/Demonstrations/Predictive_Maintenance_BLE/Src/MotionSP_Manager.c:1447:6:MotionSP_TotalStatusAlarm	20	static
C:/Users/abinaya.LDAP/Downloads/en.fp-ind-predmnt1/STM32CubeFunctionPack_PREDMNT1_V2.4.1/Projects/STM32L4R9ZI-STWIN/Demonstrations/Predictive_Maintenance_BLE/Src/MotionSP_Manager.c:1485:9:enable_FIFO	272	static
C:/Users/abinaya.LDAP/Downloads/en.fp-ind-predmnt1/STM32CubeFunctionPack_PREDMNT1_V2.4.1/Projects/STM32L4R9ZI-STWIN/Demonstrations/Predictive_Maintenance_BLE/Src/MotionSP_Manager.c:1538:9:disable_FIFO	264	static
C:/Users/abinaya.LDAP/Downloads/en.fp-ind-predmnt1/STM32CubeFunctionPack_PREDMNT1_V2.4.1/Projects/STM32L4R9ZI-STWIN/Demonstrations/Predictive_Maintenance_BLE/Src/MotionSP_Manager.c:1082:9:MotionSP_MainManager	360	static
