C:/Users/abinaya.LDAP/Downloads/en.fp-ind-predmnt1/STM32CubeFunctionPack_PREDMNT1_V2.4.1/Projects/STM32L4R9ZI-STWIN/Demonstrations/Predictive_Maintenance_BLE/Src/usbd_desc.c:121:10:USBD_VCP_DeviceDescriptor	0	static
C:/Users/abinaya.LDAP/Downloads/en.fp-ind-predmnt1/STM32CubeFunctionPack_PREDMNT1_V2.4.1/Projects/STM32L4R9ZI-STWIN/Demonstrations/Predictive_Maintenance_BLE/Src/usbd_desc.c:133:10:USBD_VCP_LangIDStrDescriptor	0	static
C:/Users/abinaya.LDAP/Downloads/en.fp-ind-predmnt1/STM32CubeFunctionPack_PREDMNT1_V2.4.1/Projects/STM32L4R9ZI-STWIN/Demonstrations/Predictive_Maintenance_BLE/Src/usbd_desc.c:232:13:IntToUnicode	16	static
C:/Users/abinaya.LDAP/Downloads/en.fp-ind-predmnt1/STM32CubeFunctionPack_PREDMNT1_V2.4.1/Projects/STM32L4R9ZI-STWIN/Demonstrations/Predictive_Maintenance_BLE/Src/usbd_desc.c:169:10:USBD_VCP_SerialStrDescriptor	8	static
C:/Users/abinaya.LDAP/Downloads/en.fp-ind-predmnt1/STM32CubeFunctionPack_PREDMNT1_V2.4.1/Projects/STM32L4R9ZI-STWIN/Demonstrations/Predictive_Maintenance_BLE/Src/usbd_desc.c:145:10:USBD_VCP_ProductStrDescriptor	8	static
C:/Users/abinaya.LDAP/Downloads/en.fp-ind-predmnt1/STM32CubeFunctionPack_PREDMNT1_V2.4.1/Projects/STM32L4R9ZI-STWIN/Demonstrations/Predictive_Maintenance_BLE/Src/usbd_desc.c:157:10:USBD_VCP_ManufacturerStrDescriptor	8	static
C:/Users/abinaya.LDAP/Downloads/en.fp-ind-predmnt1/STM32CubeFunctionPack_PREDMNT1_V2.4.1/Projects/STM32L4R9ZI-STWIN/Demonstrations/Predictive_Maintenance_BLE/Src/usbd_desc.c:185:10:USBD_VCP_ConfigStrDescriptor	8	static
C:/Users/abinaya.LDAP/Downloads/en.fp-ind-predmnt1/STM32CubeFunctionPack_PREDMNT1_V2.4.1/Projects/STM32L4R9ZI-STWIN/Demonstrations/Predictive_Maintenance_BLE/Src/usbd_desc.c:197:10:USBD_VCP_InterfaceStrDescriptor	8	static
