C:/Users/abinaya.LDAP/Downloads/en.fp-ind-predmnt1/STM32CubeFunctionPack_PREDMNT1_V2.4.1/Projects/STM32L4R9ZI-STWIN/Demonstrations/Predictive_Maintenance_BLE/Src/usbd_conf.c:45:6:HAL_PCD_SetupStageCallback	0	static
C:/Users/abinaya.LDAP/Downloads/en.fp-ind-predmnt1/STM32CubeFunctionPack_PREDMNT1_V2.4.1/Projects/STM32L4R9ZI-STWIN/Demonstrations/Predictive_Maintenance_BLE/Src/usbd_conf.c:56:6:HAL_PCD_DataOutStageCallback	0	static
C:/Users/abinaya.LDAP/Downloads/en.fp-ind-predmnt1/STM32CubeFunctionPack_PREDMNT1_V2.4.1/Projects/STM32L4R9ZI-STWIN/Demonstrations/Predictive_Maintenance_BLE/Src/usbd_conf.c:67:6:HAL_PCD_DataInStageCallback	0	static
C:/Users/abinaya.LDAP/Downloads/en.fp-ind-predmnt1/STM32CubeFunctionPack_PREDMNT1_V2.4.1/Projects/STM32L4R9ZI-STWIN/Demonstrations/Predictive_Maintenance_BLE/Src/usbd_conf.c:77:6:HAL_PCD_SOFCallback	0	static
C:/Users/abinaya.LDAP/Downloads/en.fp-ind-predmnt1/STM32CubeFunctionPack_PREDMNT1_V2.4.1/Projects/STM32L4R9ZI-STWIN/Demonstrations/Predictive_Maintenance_BLE/Src/usbd_conf.c:87:6:HAL_PCD_ResetCallback	8	static
C:/Users/abinaya.LDAP/Downloads/en.fp-ind-predmnt1/STM32CubeFunctionPack_PREDMNT1_V2.4.1/Projects/STM32L4R9ZI-STWIN/Demonstrations/Predictive_Maintenance_BLE/Src/usbd_conf.c:101:6:HAL_PCD_SuspendCallback	0	static
C:/Users/abinaya.LDAP/Downloads/en.fp-ind-predmnt1/STM32CubeFunctionPack_PREDMNT1_V2.4.1/Projects/STM32L4R9ZI-STWIN/Demonstrations/Predictive_Maintenance_BLE/Src/usbd_conf.c:111:6:HAL_PCD_ResumeCallback	0	static
C:/Users/abinaya.LDAP/Downloads/en.fp-ind-predmnt1/STM32CubeFunctionPack_PREDMNT1_V2.4.1/Projects/STM32L4R9ZI-STWIN/Demonstrations/Predictive_Maintenance_BLE/Src/usbd_conf.c:122:6:HAL_PCD_ISOOUTIncompleteCallback	0	static
C:/Users/abinaya.LDAP/Downloads/en.fp-ind-predmnt1/STM32CubeFunctionPack_PREDMNT1_V2.4.1/Projects/STM32L4R9ZI-STWIN/Demonstrations/Predictive_Maintenance_BLE/Src/usbd_conf.c:133:6:HAL_PCD_ISOINIncompleteCallback	0	static
C:/Users/abinaya.LDAP/Downloads/en.fp-ind-predmnt1/STM32CubeFunctionPack_PREDMNT1_V2.4.1/Projects/STM32L4R9ZI-STWIN/Demonstrations/Predictive_Maintenance_BLE/Src/usbd_conf.c:143:6:HAL_PCD_ConnectCallback	0	static
C:/Users/abinaya.LDAP/Downloads/en.fp-ind-predmnt1/STM32CubeFunctionPack_PREDMNT1_V2.4.1/Projects/STM32L4R9ZI-STWIN/Demonstrations/Predictive_Maintenance_BLE/Src/usbd_conf.c:153:6:HAL_PCD_DisconnectCallback	0	static
C:/Users/abinaya.LDAP/Downloads/en.fp-ind-predmnt1/STM32CubeFunctionPack_PREDMNT1_V2.4.1/Projects/STM32L4R9ZI-STWIN/Demonstrations/Predictive_Maintenance_BLE/Src/usbd_conf.c:168:20:USBD_LL_Init	16	static
C:/Users/abinaya.LDAP/Downloads/en.fp-ind-predmnt1/STM32CubeFunctionPack_PREDMNT1_V2.4.1/Projects/STM32L4R9ZI-STWIN/Demonstrations/Predictive_Maintenance_BLE/Src/usbd_conf.c:201:20:USBD_LL_DeInit	8	static
C:/Users/abinaya.LDAP/Downloads/en.fp-ind-predmnt1/STM32CubeFunctionPack_PREDMNT1_V2.4.1/Projects/STM32L4R9ZI-STWIN/Demonstrations/Predictive_Maintenance_BLE/Src/usbd_conf.c:212:20:USBD_LL_Start	8	static
C:/Users/abinaya.LDAP/Downloads/en.fp-ind-predmnt1/STM32CubeFunctionPack_PREDMNT1_V2.4.1/Projects/STM32L4R9ZI-STWIN/Demonstrations/Predictive_Maintenance_BLE/Src/usbd_conf.c:223:20:USBD_LL_Stop	8	static
C:/Users/abinaya.LDAP/Downloads/en.fp-ind-predmnt1/STM32CubeFunctionPack_PREDMNT1_V2.4.1/Projects/STM32L4R9ZI-STWIN/Demonstrations/Predictive_Maintenance_BLE/Src/usbd_conf.c:237:20:USBD_LL_OpenEP	8	static
C:/Users/abinaya.LDAP/Downloads/en.fp-ind-predmnt1/STM32CubeFunctionPack_PREDMNT1_V2.4.1/Projects/STM32L4R9ZI-STWIN/Demonstrations/Predictive_Maintenance_BLE/Src/usbd_conf.c:256:20:USBD_LL_CloseEP	8	static
C:/Users/abinaya.LDAP/Downloads/en.fp-ind-predmnt1/STM32CubeFunctionPack_PREDMNT1_V2.4.1/Projects/STM32L4R9ZI-STWIN/Demonstrations/Predictive_Maintenance_BLE/Src/usbd_conf.c:268:20:USBD_LL_FlushEP	8	static
C:/Users/abinaya.LDAP/Downloads/en.fp-ind-predmnt1/STM32CubeFunctionPack_PREDMNT1_V2.4.1/Projects/STM32L4R9ZI-STWIN/Demonstrations/Predictive_Maintenance_BLE/Src/usbd_conf.c:280:20:USBD_LL_StallEP	8	static
C:/Users/abinaya.LDAP/Downloads/en.fp-ind-predmnt1/STM32CubeFunctionPack_PREDMNT1_V2.4.1/Projects/STM32L4R9ZI-STWIN/Demonstrations/Predictive_Maintenance_BLE/Src/usbd_conf.c:292:20:USBD_LL_ClearStallEP	8	static
C:/Users/abinaya.LDAP/Downloads/en.fp-ind-predmnt1/STM32CubeFunctionPack_PREDMNT1_V2.4.1/Projects/STM32L4R9ZI-STWIN/Demonstrations/Predictive_Maintenance_BLE/Src/usbd_conf.c:304:9:USBD_LL_IsStallEP	0	static
C:/Users/abinaya.LDAP/Downloads/en.fp-ind-predmnt1/STM32CubeFunctionPack_PREDMNT1_V2.4.1/Projects/STM32L4R9ZI-STWIN/Demonstrations/Predictive_Maintenance_BLE/Src/usbd_conf.c:324:20:USBD_LL_SetUSBAddress	8	static
C:/Users/abinaya.LDAP/Downloads/en.fp-ind-predmnt1/STM32CubeFunctionPack_PREDMNT1_V2.4.1/Projects/STM32L4R9ZI-STWIN/Demonstrations/Predictive_Maintenance_BLE/Src/usbd_conf.c:338:20:USBD_LL_Transmit	8	static
C:/Users/abinaya.LDAP/Downloads/en.fp-ind-predmnt1/STM32CubeFunctionPack_PREDMNT1_V2.4.1/Projects/STM32L4R9ZI-STWIN/Demonstrations/Predictive_Maintenance_BLE/Src/usbd_conf.c:355:20:USBD_LL_PrepareReceive	8	static
C:/Users/abinaya.LDAP/Downloads/en.fp-ind-predmnt1/STM32CubeFunctionPack_PREDMNT1_V2.4.1/Projects/STM32L4R9ZI-STWIN/Demonstrations/Predictive_Maintenance_BLE/Src/usbd_conf.c:370:10:USBD_LL_GetRxDataSize	0	static
C:/Users/abinaya.LDAP/Downloads/en.fp-ind-predmnt1/STM32CubeFunctionPack_PREDMNT1_V2.4.1/Projects/STM32L4R9ZI-STWIN/Demonstrations/Predictive_Maintenance_BLE/Src/usbd_conf.c:380:6:USBD_LL_Delay	0	static
