C:/Users/abinaya.LDAP/Downloads/en.fp-ind-predmnt1/STM32CubeFunctionPack_PREDMNT1_V2.4.1/Middlewares/ST/STM32_MotionSP_Library/Src/MotionSP.c:129:13:MotionSP_SwSpeedRmsFilter.part.0	56	static
C:/Users/abinaya.LDAP/Downloads/en.fp-ind-predmnt1/STM32CubeFunctionPack_PREDMNT1_V2.4.1/Middlewares/ST/STM32_MotionSP_Library/Src/MotionSP.c:79:13:MotionSP_speedDelOffset.constprop	8	static
C:/Users/abinaya.LDAP/Downloads/en.fp-ind-predmnt1/STM32CubeFunctionPack_PREDMNT1_V2.4.1/Middlewares/ST/STM32_MotionSP_Library/Src/MotionSP.c:227:13:MotionSP_TD_AccRmsEvalFromCircBuff.isra	56	static
C:/Users/abinaya.LDAP/Downloads/en.fp-ind-predmnt1/STM32CubeFunctionPack_PREDMNT1_V2.4.1/Middlewares/ST/STM32_MotionSP_Library/Src/MotionSP.c:188:13:MotionSP_TD_SpeedEvalFromCircBuff.isra	12	static
C:/Users/abinaya.LDAP/Downloads/en.fp-ind-predmnt1/STM32CubeFunctionPack_PREDMNT1_V2.4.1/Middlewares/ST/STM32_MotionSP_Library/Src/MotionSP.c:269:6:MotionSP_accDelOffset	8	static
C:/Users/abinaya.LDAP/Downloads/en.fp-ind-predmnt1/STM32CubeFunctionPack_PREDMNT1_V2.4.1/Middlewares/ST/STM32_MotionSP_Library/Src/MotionSP.c:310:6:MotionSP_TimeDomainEvalFromCircBuff	64	static
C:/Users/abinaya.LDAP/Downloads/en.fp-ind-predmnt1/STM32CubeFunctionPack_PREDMNT1_V2.4.1/Middlewares/ST/STM32_MotionSP_Library/Src/MotionSP.c:379:6:MotionSP_fftCalc	16	static
C:/Users/abinaya.LDAP/Downloads/en.fp-ind-predmnt1/STM32CubeFunctionPack_PREDMNT1_V2.4.1/Middlewares/ST/STM32_MotionSP_Library/Src/MotionSP.c:396:6:MotionSP_fftAdapting	20	static
C:/Users/abinaya.LDAP/Downloads/en.fp-ind-predmnt1/STM32CubeFunctionPack_PREDMNT1_V2.4.1/Middlewares/ST/STM32_MotionSP_Library/Src/MotionSP.c:423:6:MotionSP_fftPeakFinding	16	static
C:/Users/abinaya.LDAP/Downloads/en.fp-ind-predmnt1/STM32CubeFunctionPack_PREDMNT1_V2.4.1/Middlewares/ST/STM32_MotionSP_Library/Src/MotionSP.c:439:6:MotionSP_SetWindFiltArray	48	static
C:/Users/abinaya.LDAP/Downloads/en.fp-ind-predmnt1/STM32CubeFunctionPack_PREDMNT1_V2.4.1/Middlewares/ST/STM32_MotionSP_Library/Src/MotionSP.c:494:6:motionSP_fftUseWindow	4	static
C:/Users/abinaya.LDAP/Downloads/en.fp-ind-predmnt1/STM32CubeFunctionPack_PREDMNT1_V2.4.1/Middlewares/ST/STM32_MotionSP_Library/Src/MotionSP.c:509:9:MotionSP_fftInBuild	24	static
C:/Users/abinaya.LDAP/Downloads/en.fp-ind-predmnt1/STM32CubeFunctionPack_PREDMNT1_V2.4.1/Middlewares/ST/STM32_MotionSP_Library/Src/MotionSP.c:552:9:MotionSP_fftAverageCalcTime	24	static
C:/Users/abinaya.LDAP/Downloads/en.fp-ind-predmnt1/STM32CubeFunctionPack_PREDMNT1_V2.4.1/Middlewares/ST/STM32_MotionSP_Library/Src/MotionSP.c:588:6:MotionSP_fftExecution	24	static
C:/Users/abinaya.LDAP/Downloads/en.fp-ind-predmnt1/STM32CubeFunctionPack_PREDMNT1_V2.4.1/Middlewares/ST/STM32_MotionSP_Library/Src/MotionSP.c:681:6:MotionSP_evalMaxAmplitudeRange	56	static
C:/Users/abinaya.LDAP/Downloads/en.fp-ind-predmnt1/STM32CubeFunctionPack_PREDMNT1_V2.4.1/Middlewares/ST/STM32_MotionSP_Library/Src/MotionSP.c:701:17:MotionSP_GetRealAcceleroOdr	0	static
C:/Users/abinaya.LDAP/Downloads/en.fp-ind-predmnt1/STM32CubeFunctionPack_PREDMNT1_V2.4.1/Middlewares/ST/STM32_MotionSP_Library/Src/MotionSP.c:710:24:MotionSP_GetParameters	0	static
C:/Users/abinaya.LDAP/Downloads/en.fp-ind-predmnt1/STM32CubeFunctionPack_PREDMNT1_V2.4.1/Middlewares/ST/STM32_MotionSP_Library/Src/MotionSP.c:719:19:MotionSP_GetAccMagResults	0	static
C:/Users/abinaya.LDAP/Downloads/en.fp-ind-predmnt1/STM32CubeFunctionPack_PREDMNT1_V2.4.1/Middlewares/ST/STM32_MotionSP_Library/Src/MotionSP.c:728:20:MotionSP_GetTimeDomainData	0	static
