C:/Users/abinaya.LDAP/Downloads/en.fp-ind-predmnt1/STM32CubeFunctionPack_PREDMNT1_V2.4.1/Middlewares/ST/STM32_BLE_Manager/Src/BLE_Manager.c:469:13:AttrMod_Request_Config	0	static
C:/Users/abinaya.LDAP/Downloads/en.fp-ind-predmnt1/STM32CubeFunctionPack_PREDMNT1_V2.4.1/Middlewares/ST/STM32_BLE_Manager/Src/BLE_Manager.c:499:13:Write_Request_Config	0	static
C:/Users/abinaya.LDAP/Downloads/en.fp-ind-predmnt1/STM32CubeFunctionPack_PREDMNT1_V2.4.1/Middlewares/ST/STM32_BLE_Manager/Src/BLE_Manager.c:520:13:AttrMod_Request_StdErr	0	static
C:/Users/abinaya.LDAP/Downloads/en.fp-ind-predmnt1/STM32CubeFunctionPack_PREDMNT1_V2.4.1/Middlewares/ST/STM32_BLE_Manager/Src/BLE_Manager.c:542:13:AttrMod_Request_Term	0	static
C:/Users/abinaya.LDAP/Downloads/en.fp-ind-predmnt1/STM32CubeFunctionPack_PREDMNT1_V2.4.1/Middlewares/ST/STM32_BLE_Manager/Src/BLE_Manager.c:564:13:AttrMod_Request_ExtConfig	0	static
C:/Users/abinaya.LDAP/Downloads/en.fp-ind-predmnt1/STM32CubeFunctionPack_PREDMNT1_V2.4.1/Middlewares/ST/STM32_BLE_Manager/Src/BLE_Manager.c:1280:13:ClearSingleCommand	8	static
C:/Users/abinaya.LDAP/Downloads/en.fp-ind-predmnt1/STM32CubeFunctionPack_PREDMNT1_V2.4.1/Middlewares/ST/STM32_BLE_Manager/Src/BLE_Manager.c:592:13:create_JSON_SensorStatus	368	static
C:/Users/abinaya.LDAP/Downloads/en.fp-ind-predmnt1/STM32CubeFunctionPack_PREDMNT1_V2.4.1/Middlewares/ST/STM32_BLE_Manager/Src/BLE_Manager.c:2109:19:InitBleManager_BlueNRG_Stack	320	static
C:/Users/abinaya.LDAP/Downloads/en.fp-ind-predmnt1/STM32CubeFunctionPack_PREDMNT1_V2.4.1/Middlewares/ST/STM32_BLE_Manager/Src/BLE_Manager.c:2070:13:APP_UserEvtRx	24	static
C:/Users/abinaya.LDAP/Downloads/en.fp-ind-predmnt1/STM32CubeFunctionPack_PREDMNT1_V2.4.1/Middlewares/ST/STM32_BLE_Manager/Src/BLE_Manager.c:1265:6:ClearCustomCommandsList	16	static
C:/Users/abinaya.LDAP/Downloads/en.fp-ind-predmnt1/STM32CubeFunctionPack_PREDMNT1_V2.4.1/Middlewares/ST/STM32_BLE_Manager/Src/BLE_Manager.c:1303:9:AddCustomCommand	296	static
C:/Users/abinaya.LDAP/Downloads/en.fp-ind-predmnt1/STM32CubeFunctionPack_PREDMNT1_V2.4.1/Middlewares/ST/STM32_BLE_Manager/Src/BLE_Manager.c:1435:6:create_JSON_Sensor	56	static
C:/Users/abinaya.LDAP/Downloads/en.fp-ind-predmnt1/STM32CubeFunctionPack_PREDMNT1_V2.4.1/Middlewares/ST/STM32_BLE_Manager/Src/BLE_Manager.c:1539:12:safe_aci_gatt_update_char_value	24	static
C:/Users/abinaya.LDAP/Downloads/en.fp-ind-predmnt1/STM32CubeFunctionPack_PREDMNT1_V2.4.1/Middlewares/ST/STM32_BLE_Manager/Src/BLE_Manager.c:380:19:UpdateTermStdErr	264	static
C:/Users/abinaya.LDAP/Downloads/en.fp-ind-predmnt1/STM32CubeFunctionPack_PREDMNT1_V2.4.1/Middlewares/ST/STM32_BLE_Manager/Src/BLE_Manager.c:365:19:UpdateTermStdOut	264	static
C:/Users/abinaya.LDAP/Downloads/en.fp-ind-predmnt1/STM32CubeFunctionPack_PREDMNT1_V2.4.1/Middlewares/ST/STM32_BLE_Manager/Src/BLE_Manager.c:427:13:Read_Request_StdErr	0	static
C:/Users/abinaya.LDAP/Downloads/en.fp-ind-predmnt1/STM32CubeFunctionPack_PREDMNT1_V2.4.1/Middlewares/ST/STM32_BLE_Manager/Src/BLE_Manager.c:1669:6:aci_gatt_tx_pool_available_event	0	static
C:/Users/abinaya.LDAP/Downloads/en.fp-ind-predmnt1/STM32CubeFunctionPack_PREDMNT1_V2.4.1/Middlewares/ST/STM32_BLE_Manager/Src/BLE_Manager.c:1692:12:aci_gatt_update_char_value_wrapper	0	static
C:/Users/abinaya.LDAP/Downloads/en.fp-ind-predmnt1/STM32CubeFunctionPack_PREDMNT1_V2.4.1/Middlewares/ST/STM32_BLE_Manager/Src/BLE_Manager.c:1716:12:Stderr_Update	40	static
C:/Users/abinaya.LDAP/Downloads/en.fp-ind-predmnt1/STM32CubeFunctionPack_PREDMNT1_V2.4.1/Middlewares/ST/STM32_BLE_Manager/Src/BLE_Manager.c:445:13:Read_Request_Term	264	static
C:/Users/abinaya.LDAP/Downloads/en.fp-ind-predmnt1/STM32CubeFunctionPack_PREDMNT1_V2.4.1/Middlewares/ST/STM32_BLE_Manager/Src/BLE_Manager.c:1758:12:BLE_StdOutSendBuffer	16	static
C:/Users/abinaya.LDAP/Downloads/en.fp-ind-predmnt1/STM32CubeFunctionPack_PREDMNT1_V2.4.1/Middlewares/ST/STM32_BLE_Manager/Src/BLE_Manager.c:1773:12:Term_Update	40	static
C:/Users/abinaya.LDAP/Downloads/en.fp-ind-predmnt1/STM32CubeFunctionPack_PREDMNT1_V2.4.1/Middlewares/ST/STM32_BLE_Manager/Src/BLE_Manager.c:1465:13:Write_Request_Term	16	static
C:/Users/abinaya.LDAP/Downloads/en.fp-ind-predmnt1/STM32CubeFunctionPack_PREDMNT1_V2.4.1/Middlewares/ST/STM32_BLE_Manager/Src/BLE_Manager.c:1817:12:Config_Update	280	static
C:/Users/abinaya.LDAP/Downloads/en.fp-ind-predmnt1/STM32CubeFunctionPack_PREDMNT1_V2.4.1/Middlewares/ST/STM32_BLE_Manager/Src/BLE_Manager.c:1839:6:setConnectable	352	static
C:/Users/abinaya.LDAP/Downloads/en.fp-ind-predmnt1/STM32CubeFunctionPack_PREDMNT1_V2.4.1/Middlewares/ST/STM32_BLE_Manager/Src/BLE_Manager.c:1934:6:setNotConnectable	0	static
C:/Users/abinaya.LDAP/Downloads/en.fp-ind-predmnt1/STM32CubeFunctionPack_PREDMNT1_V2.4.1/Middlewares/ST/STM32_BLE_Manager/Src/BLE_Manager.c:1944:9:BleManagerAddChar	0	static
C:/Users/abinaya.LDAP/Downloads/en.fp-ind-predmnt1/STM32CubeFunctionPack_PREDMNT1_V2.4.1/Middlewares/ST/STM32_BLE_Manager/Src/BLE_Manager.c:2260:19:InitBleManagerServices	344	static
C:/Users/abinaya.LDAP/Downloads/en.fp-ind-predmnt1/STM32CubeFunctionPack_PREDMNT1_V2.4.1/Middlewares/ST/STM32_BLE_Manager/Src/BLE_Manager.c:1964:6:ResetBleManager	264	static
C:/Users/abinaya.LDAP/Downloads/en.fp-ind-predmnt1/STM32CubeFunctionPack_PREDMNT1_V2.4.1/Middlewares/ST/STM32_BLE_Manager/Src/BLE_Manager.c:2035:12:InitBleManager	16	static
C:/Users/abinaya.LDAP/Downloads/en.fp-ind-predmnt1/STM32CubeFunctionPack_PREDMNT1_V2.4.1/Middlewares/ST/STM32_BLE_Manager/Src/BLE_Manager.c:2378:10:BLE_Command_TP_Parse	296	static
C:/Users/abinaya.LDAP/Downloads/en.fp-ind-predmnt1/STM32CubeFunctionPack_PREDMNT1_V2.4.1/Middlewares/ST/STM32_BLE_Manager/Src/BLE_Manager.c:2487:10:BLE_Command_TP_Encapsulate	40	static
C:/Users/abinaya.LDAP/Downloads/en.fp-ind-predmnt1/STM32CubeFunctionPack_PREDMNT1_V2.4.1/Middlewares/ST/STM32_BLE_Manager/Src/BLE_Manager.c:1624:12:BLE_ExtConfiguration_Update	296	static
C:/Users/abinaya.LDAP/Downloads/en.fp-ind-predmnt1/STM32CubeFunctionPack_PREDMNT1_V2.4.1/Middlewares/ST/STM32_BLE_Manager/Src/BLE_Manager.c:751:13:Write_Request_ExtConfig.part.0	2376	static
C:/Users/abinaya.LDAP/Downloads/en.fp-ind-predmnt1/STM32CubeFunctionPack_PREDMNT1_V2.4.1/Middlewares/ST/STM32_BLE_Manager/Src/BLE_Manager.c:751:13:Write_Request_ExtConfig	8	static
C:/Users/abinaya.LDAP/Downloads/en.fp-ind-predmnt1/STM32CubeFunctionPack_PREDMNT1_V2.4.1/Middlewares/ST/STM32_BLE_Manager/Src/BLE_Manager.c:2556:6:hci_le_connection_complete_event	296	static
C:/Users/abinaya.LDAP/Downloads/en.fp-ind-predmnt1/STM32CubeFunctionPack_PREDMNT1_V2.4.1/Middlewares/ST/STM32_BLE_Manager/Src/BLE_Manager.c:2607:6:hci_disconnection_complete_event	264	static
C:/Users/abinaya.LDAP/Downloads/en.fp-ind-predmnt1/STM32CubeFunctionPack_PREDMNT1_V2.4.1/Middlewares/ST/STM32_BLE_Manager/Src/BLE_Manager.c:2637:6:aci_gatt_read_permit_req_event	16	static
C:/Users/abinaya.LDAP/Downloads/en.fp-ind-predmnt1/STM32CubeFunctionPack_PREDMNT1_V2.4.1/Middlewares/ST/STM32_BLE_Manager/Src/BLE_Manager.c:2664:6:aci_gatt_attribute_modified_event	312	static
C:/Users/abinaya.LDAP/Downloads/en.fp-ind-predmnt1/STM32CubeFunctionPack_PREDMNT1_V2.4.1/Middlewares/ST/STM32_BLE_Manager/Src/BLE_Manager.c:2734:6:aci_l2cap_connection_update_resp_event	0	static
C:/Users/abinaya.LDAP/Downloads/en.fp-ind-predmnt1/STM32CubeFunctionPack_PREDMNT1_V2.4.1/Middlewares/ST/STM32_BLE_Manager/Src/BLE_Manager.c:2749:6:hci_le_connection_update_complete_event	0	static
C:/Users/abinaya.LDAP/Downloads/en.fp-ind-predmnt1/STM32CubeFunctionPack_PREDMNT1_V2.4.1/Middlewares/ST/STM32_BLE_Manager/Src/BLE_Manager.c:2771:6:aci_att_exchange_mtu_resp_event	0	static
C:/Users/abinaya.LDAP/Downloads/en.fp-ind-predmnt1/STM32CubeFunctionPack_PREDMNT1_V2.4.1/Middlewares/ST/STM32_BLE_Manager/Src/BLE_Manager.c:2790:6:aci_gatt_proc_complete_event	264	static
C:/Users/abinaya.LDAP/Downloads/en.fp-ind-predmnt1/STM32CubeFunctionPack_PREDMNT1_V2.4.1/Middlewares/ST/STM32_BLE_Manager/Src/BLE_Manager.c:2811:6:hci_le_data_length_change_event	264	static
C:/Users/abinaya.LDAP/Downloads/en.fp-ind-predmnt1/STM32CubeFunctionPack_PREDMNT1_V2.4.1/Middlewares/ST/STM32_BLE_Manager/Src/BLE_Manager.c:2839:6:aci_gatt_indication_event	264	static
C:/Users/abinaya.LDAP/Downloads/en.fp-ind-predmnt1/STM32CubeFunctionPack_PREDMNT1_V2.4.1/Middlewares/ST/STM32_BLE_Manager/Src/BLE_Manager.c:2893:6:hci_hardware_error_event	264	static
C:/Users/abinaya.LDAP/Downloads/en.fp-ind-predmnt1/STM32CubeFunctionPack_PREDMNT1_V2.4.1/Middlewares/ST/STM32_BLE_Manager/Src/BLE_Manager.c:2907:6:aci_gap_bond_lost_event	0	static
C:/Users/abinaya.LDAP/Downloads/en.fp-ind-predmnt1/STM32CubeFunctionPack_PREDMNT1_V2.4.1/Middlewares/ST/STM32_BLE_Manager/Src/BLE_Manager.c:2923:6:aci_gap_pairing_complete_event	296	static
C:/Users/abinaya.LDAP/Downloads/en.fp-ind-predmnt1/STM32CubeFunctionPack_PREDMNT1_V2.4.1/Middlewares/ST/STM32_BLE_Manager/Src/BLE_Manager.c:2939:6:aci_gap_pass_key_req_event	264	static
C:/Users/abinaya.LDAP/Downloads/en.fp-ind-predmnt1/STM32CubeFunctionPack_PREDMNT1_V2.4.1/Middlewares/ST/STM32_BLE_Manager/Src/BLE_Manager.c:2995:6:aci_gap_numeric_comparison_value_event	0	static
C:/Users/abinaya.LDAP/Downloads/en.fp-ind-predmnt1/STM32CubeFunctionPack_PREDMNT1_V2.4.1/Middlewares/ST/STM32_BLE_Manager/Src/BLE_Manager.c:3013:6:hci_encryption_change_event	0	static
