C:/Users/abinaya.LDAP/Downloads/en.fp-ind-predmnt1/STM32CubeFunctionPack_PREDMNT1_V2.4.1/Drivers/BSP/STWIN/STWIN_bc.c:700:6:HAL_TIM_BC_MspInit.part.0	16	static
C:/Users/abinaya.LDAP/Downloads/en.fp-ind-predmnt1/STM32CubeFunctionPack_PREDMNT1_V2.4.1/Drivers/BSP/STWIN/STWIN_bc.c:134:9:BSP_BC_CmdSend	16	static
C:/Users/abinaya.LDAP/Downloads/en.fp-ind-predmnt1/STM32CubeFunctionPack_PREDMNT1_V2.4.1/Drivers/BSP/STWIN/STWIN_bc.c:175:9:BSP_BC_IsChgPinToggling	8	static
C:/Users/abinaya.LDAP/Downloads/en.fp-ind-predmnt1/STM32CubeFunctionPack_PREDMNT1_V2.4.1/Drivers/BSP/STWIN/STWIN_bc.c:259:9:BSP_BC_GetVoltage	8	static
C:/Users/abinaya.LDAP/Downloads/en.fp-ind-predmnt1/STM32CubeFunctionPack_PREDMNT1_V2.4.1/Drivers/BSP/STWIN/STWIN_bc.c:296:9:BSP_BC_GetVoltageAndLevel	24	static
C:/Users/abinaya.LDAP/Downloads/en.fp-ind-predmnt1/STM32CubeFunctionPack_PREDMNT1_V2.4.1/Drivers/BSP/STWIN/STWIN_bc.c:383:6:BC_IO_SW_SEL_Init	32	static
C:/Users/abinaya.LDAP/Downloads/en.fp-ind-predmnt1/STM32CubeFunctionPack_PREDMNT1_V2.4.1/Drivers/BSP/STWIN/STWIN_bc.c:373:6:BC_IO_Init	0	static
C:/Users/abinaya.LDAP/Downloads/en.fp-ind-predmnt1/STM32CubeFunctionPack_PREDMNT1_V2.4.1/Drivers/BSP/STWIN/STWIN_bc.c:403:6:BC_IO_CHG_Init	32	static
C:/Users/abinaya.LDAP/Downloads/en.fp-ind-predmnt1/STM32CubeFunctionPack_PREDMNT1_V2.4.1/Drivers/BSP/STWIN/STWIN_bc.c:421:6:BC_IO_CHG_DeInit	0	static
C:/Users/abinaya.LDAP/Downloads/en.fp-ind-predmnt1/STM32CubeFunctionPack_PREDMNT1_V2.4.1/Drivers/BSP/STWIN/STWIN_bc.c:432:6:BC_CmdMng	8	static,ignoring_inline_asm
C:/Users/abinaya.LDAP/Downloads/en.fp-ind-predmnt1/STM32CubeFunctionPack_PREDMNT1_V2.4.1/Drivers/BSP/STWIN/STWIN_bc.c:511:6:BC_ChgPinFreqGet	8	static
C:/Users/abinaya.LDAP/Downloads/en.fp-ind-predmnt1/STM32CubeFunctionPack_PREDMNT1_V2.4.1/Drivers/BSP/STWIN/STWIN_bc.c:163:6:BSP_BC_ChgPinHasToggled	8	static
C:/Users/abinaya.LDAP/Downloads/en.fp-ind-predmnt1/STM32CubeFunctionPack_PREDMNT1_V2.4.1/Drivers/BSP/STWIN/STWIN_bc.c:548:6:BC_ChgPinFreq2ChgSts	0	static
C:/Users/abinaya.LDAP/Downloads/en.fp-ind-predmnt1/STM32CubeFunctionPack_PREDMNT1_V2.4.1/Drivers/BSP/STWIN/STWIN_bc.c:240:6:BSP_BC_GetState	8	static
C:/Users/abinaya.LDAP/Downloads/en.fp-ind-predmnt1/STM32CubeFunctionPack_PREDMNT1_V2.4.1/Drivers/BSP/STWIN/STWIN_bc.c:576:6:BC_Chg_TIMx_Init	32	static
C:/Users/abinaya.LDAP/Downloads/en.fp-ind-predmnt1/STM32CubeFunctionPack_PREDMNT1_V2.4.1/Drivers/BSP/STWIN/STWIN_bc.c:122:6:BSP_BC_Chrg_Init	0	static
C:/Users/abinaya.LDAP/Downloads/en.fp-ind-predmnt1/STM32CubeFunctionPack_PREDMNT1_V2.4.1/Drivers/BSP/STWIN/STWIN_bc.c:619:6:BC_TIMx_Init	32	static
C:/Users/abinaya.LDAP/Downloads/en.fp-ind-predmnt1/STM32CubeFunctionPack_PREDMNT1_V2.4.1/Drivers/BSP/STWIN/STWIN_bc.c:362:6:BC_InitCommon	0	static
C:/Users/abinaya.LDAP/Downloads/en.fp-ind-predmnt1/STM32CubeFunctionPack_PREDMNT1_V2.4.1/Drivers/BSP/STWIN/STWIN_bc.c:114:6:BSP_BC_Init	8	static
C:/Users/abinaya.LDAP/Downloads/en.fp-ind-predmnt1/STM32CubeFunctionPack_PREDMNT1_V2.4.1/Drivers/BSP/STWIN/STWIN_bc.c:667:6:HAL_TIM_IC_MspInit	40	static
C:/Users/abinaya.LDAP/Downloads/en.fp-ind-predmnt1/STM32CubeFunctionPack_PREDMNT1_V2.4.1/Drivers/BSP/STWIN/STWIN_bc.c:700:6:HAL_TIM_BC_MspInit	0	static
C:/Users/abinaya.LDAP/Downloads/en.fp-ind-predmnt1/STM32CubeFunctionPack_PREDMNT1_V2.4.1/Drivers/BSP/STWIN/STWIN_bc.c:719:6:HAL_TIM_BC_MspDeInit	0	static
C:/Users/abinaya.LDAP/Downloads/en.fp-ind-predmnt1/STM32CubeFunctionPack_PREDMNT1_V2.4.1/Drivers/BSP/STWIN/STWIN_bc.c:738:6:HAL_ADC_BC_MspInit	32	static
C:/Users/abinaya.LDAP/Downloads/en.fp-ind-predmnt1/STM32CubeFunctionPack_PREDMNT1_V2.4.1/Drivers/BSP/STWIN/STWIN_bc.c:202:9:BSP_BC_BatMS_Init	64	static
C:/Users/abinaya.LDAP/Downloads/en.fp-ind-predmnt1/STM32CubeFunctionPack_PREDMNT1_V2.4.1/Drivers/BSP/STWIN/STWIN_bc.c:758:6:HAL_ADC_BC_MspDeInit	0	static
C:/Users/abinaya.LDAP/Downloads/en.fp-ind-predmnt1/STM32CubeFunctionPack_PREDMNT1_V2.4.1/Drivers/BSP/STWIN/STWIN_bc.c:218:9:BSP_BC_BatMS_DeInit	8	static
C:/Users/abinaya.LDAP/Downloads/en.fp-ind-predmnt1/STM32CubeFunctionPack_PREDMNT1_V2.4.1/Drivers/BSP/STWIN/STWIN_bc.c:855:6:STBC02_CHG_PIN_Callback	0	static
C:/Users/abinaya.LDAP/Downloads/en.fp-ind-predmnt1/STM32CubeFunctionPack_PREDMNT1_V2.4.1/Drivers/BSP/STWIN/STWIN_bc.c:861:6:EXTI15_10_IRQHandler	0	static
C:/Users/abinaya.LDAP/Downloads/en.fp-ind-predmnt1/STM32CubeFunctionPack_PREDMNT1_V2.4.1/Drivers/BSP/STWIN/STWIN_bc.c:877:6:TIM7_IRQHandler	0	static
C:/Users/abinaya.LDAP/Downloads/en.fp-ind-predmnt1/STM32CubeFunctionPack_PREDMNT1_V2.4.1/Drivers/BSP/STWIN/STWIN_bc.c:886:6:STBC02_CHG_EXTI_IRQHandler	0	static
C:/Users/abinaya.LDAP/Downloads/en.fp-ind-predmnt1/STM32CubeFunctionPack_PREDMNT1_V2.4.1/Drivers/BSP/STWIN/STWIN_bc.c:896:6:TIM3_IRQHandler	0	static
