C:/Users/abinaya.LDAP/Downloads/en.fp-ind-predmnt1/STM32CubeFunctionPack_PREDMNT1_V2.4.1/Drivers/BSP/STWIN/STWIN_env_sensors.c:443:9:BSP_HTS221_WriteReg	8	static
C:/Users/abinaya.LDAP/Downloads/en.fp-ind-predmnt1/STM32CubeFunctionPack_PREDMNT1_V2.4.1/Drivers/BSP/STWIN/STWIN_env_sensors.c:459:9:BSP_HTS221_ReadReg	8	static
C:/Users/abinaya.LDAP/Downloads/en.fp-ind-predmnt1/STM32CubeFunctionPack_PREDMNT1_V2.4.1/Drivers/BSP/STWIN/STWIN_env_sensors.c:58:9:BSP_ENV_SENSOR_Init	80	static
C:/Users/abinaya.LDAP/Downloads/en.fp-ind-predmnt1/STM32CubeFunctionPack_PREDMNT1_V2.4.1/Drivers/BSP/STWIN/STWIN_env_sensors.c:171:9:BSP_ENV_SENSOR_DeInit	8	static
C:/Users/abinaya.LDAP/Downloads/en.fp-ind-predmnt1/STM32CubeFunctionPack_PREDMNT1_V2.4.1/Drivers/BSP/STWIN/STWIN_env_sensors.c:197:9:BSP_ENV_SENSOR_GetCapabilities	8	static
C:/Users/abinaya.LDAP/Downloads/en.fp-ind-predmnt1/STM32CubeFunctionPack_PREDMNT1_V2.4.1/Drivers/BSP/STWIN/STWIN_env_sensors.c:223:9:BSP_ENV_SENSOR_ReadID	8	static
C:/Users/abinaya.LDAP/Downloads/en.fp-ind-predmnt1/STM32CubeFunctionPack_PREDMNT1_V2.4.1/Drivers/BSP/STWIN/STWIN_env_sensors.c:252:9:BSP_ENV_SENSOR_Enable	16	static
C:/Users/abinaya.LDAP/Downloads/en.fp-ind-predmnt1/STM32CubeFunctionPack_PREDMNT1_V2.4.1/Drivers/BSP/STWIN/STWIN_env_sensors.c:291:9:BSP_ENV_SENSOR_Disable	16	static
C:/Users/abinaya.LDAP/Downloads/en.fp-ind-predmnt1/STM32CubeFunctionPack_PREDMNT1_V2.4.1/Drivers/BSP/STWIN/STWIN_env_sensors.c:331:9:BSP_ENV_SENSOR_GetOutputDataRate	16	static
C:/Users/abinaya.LDAP/Downloads/en.fp-ind-predmnt1/STM32CubeFunctionPack_PREDMNT1_V2.4.1/Drivers/BSP/STWIN/STWIN_env_sensors.c:371:9:BSP_ENV_SENSOR_SetOutputDataRate	16	static
C:/Users/abinaya.LDAP/Downloads/en.fp-ind-predmnt1/STM32CubeFunctionPack_PREDMNT1_V2.4.1/Drivers/BSP/STWIN/STWIN_env_sensors.c:411:9:BSP_ENV_SENSOR_GetValue	16	static
