C:/Users/abinaya.LDAP/Downloads/en.fp-ind-predmnt1/STM32CubeFunctionPack_PREDMNT1_V2.4.1/Drivers/BSP/STWIN/STWIN_motion_sensors.c:895:9:BSP_IIS2MDC_WriteReg	8	static
C:/Users/abinaya.LDAP/Downloads/en.fp-ind-predmnt1/STM32CubeFunctionPack_PREDMNT1_V2.4.1/Drivers/BSP/STWIN/STWIN_motion_sensors.c:909:9:BSP_IIS2MDC_ReadReg	8	static
C:/Users/abinaya.LDAP/Downloads/en.fp-ind-predmnt1/STM32CubeFunctionPack_PREDMNT1_V2.4.1/Drivers/BSP/STWIN/STWIN_motion_sensors.c:1248:16:BSP_ISM330DHCX_WriteReg	24	static
C:/Users/abinaya.LDAP/Downloads/en.fp-ind-predmnt1/STM32CubeFunctionPack_PREDMNT1_V2.4.1/Drivers/BSP/STWIN/STWIN_motion_sensors.c:1273:16:BSP_ISM330DHCX_ReadReg	24	static
C:/Users/abinaya.LDAP/Downloads/en.fp-ind-predmnt1/STM32CubeFunctionPack_PREDMNT1_V2.4.1/Drivers/BSP/STWIN/STWIN_motion_sensors.c:1236:16:BSP_ISM330DHCX_DeInit	8	static
C:/Users/abinaya.LDAP/Downloads/en.fp-ind-predmnt1/STM32CubeFunctionPack_PREDMNT1_V2.4.1/Drivers/BSP/STWIN/STWIN_motion_sensors.c:1195:16:BSP_ISM330DHCX_Init	56	static
C:/Users/abinaya.LDAP/Downloads/en.fp-ind-predmnt1/STM32CubeFunctionPack_PREDMNT1_V2.4.1/Drivers/BSP/STWIN/STWIN_motion_sensors.c:83:10:BSP_MOTION_SENSOR_Init	96	static
C:/Users/abinaya.LDAP/Downloads/en.fp-ind-predmnt1/STM32CubeFunctionPack_PREDMNT1_V2.4.1/Drivers/BSP/STWIN/STWIN_motion_sensors.c:223:9:BSP_MOTION_SENSOR_DeInit	8	static
C:/Users/abinaya.LDAP/Downloads/en.fp-ind-predmnt1/STM32CubeFunctionPack_PREDMNT1_V2.4.1/Drivers/BSP/STWIN/STWIN_motion_sensors.c:249:9:BSP_MOTION_SENSOR_GetCapabilities	8	static
C:/Users/abinaya.LDAP/Downloads/en.fp-ind-predmnt1/STM32CubeFunctionPack_PREDMNT1_V2.4.1/Drivers/BSP/STWIN/STWIN_motion_sensors.c:275:9:BSP_MOTION_SENSOR_ReadID	8	static
C:/Users/abinaya.LDAP/Downloads/en.fp-ind-predmnt1/STM32CubeFunctionPack_PREDMNT1_V2.4.1/Drivers/BSP/STWIN/STWIN_motion_sensors.c:304:9:BSP_MOTION_SENSOR_Enable	16	static
C:/Users/abinaya.LDAP/Downloads/en.fp-ind-predmnt1/STM32CubeFunctionPack_PREDMNT1_V2.4.1/Drivers/BSP/STWIN/STWIN_motion_sensors.c:343:9:BSP_MOTION_SENSOR_Disable	16	static
C:/Users/abinaya.LDAP/Downloads/en.fp-ind-predmnt1/STM32CubeFunctionPack_PREDMNT1_V2.4.1/Drivers/BSP/STWIN/STWIN_motion_sensors.c:383:9:BSP_MOTION_SENSOR_GetAxes	16	static
C:/Users/abinaya.LDAP/Downloads/en.fp-ind-predmnt1/STM32CubeFunctionPack_PREDMNT1_V2.4.1/Drivers/BSP/STWIN/STWIN_motion_sensors.c:423:9:BSP_MOTION_SENSOR_GetAxesRaw	16	static
C:/Users/abinaya.LDAP/Downloads/en.fp-ind-predmnt1/STM32CubeFunctionPack_PREDMNT1_V2.4.1/Drivers/BSP/STWIN/STWIN_motion_sensors.c:463:9:BSP_MOTION_SENSOR_GetSensitivity	16	static
C:/Users/abinaya.LDAP/Downloads/en.fp-ind-predmnt1/STM32CubeFunctionPack_PREDMNT1_V2.4.1/Drivers/BSP/STWIN/STWIN_motion_sensors.c:504:9:BSP_MOTION_SENSOR_GetOutputDataRate	16	static
C:/Users/abinaya.LDAP/Downloads/en.fp-ind-predmnt1/STM32CubeFunctionPack_PREDMNT1_V2.4.1/Drivers/BSP/STWIN/STWIN_motion_sensors.c:544:9:BSP_MOTION_SENSOR_GetFullScale	16	static
C:/Users/abinaya.LDAP/Downloads/en.fp-ind-predmnt1/STM32CubeFunctionPack_PREDMNT1_V2.4.1/Drivers/BSP/STWIN/STWIN_motion_sensors.c:584:9:BSP_MOTION_SENSOR_SetOutputDataRate	16	static
C:/Users/abinaya.LDAP/Downloads/en.fp-ind-predmnt1/STM32CubeFunctionPack_PREDMNT1_V2.4.1/Drivers/BSP/STWIN/STWIN_motion_sensors.c:624:9:BSP_MOTION_SENSOR_SetFullScale	16	static
